../Core/Src/ili9341.c:11:13:ILI9341_SendCommand	16	static
../Core/Src/ili9341.c:19:13:ILI9341_SendData	16	static
../Core/Src/ili9341.c:27:6:ILI9341_Init	8	static
../Core/Src/ili9341.c:61:6:ILI9341_SetRotation	16	static
../Core/Src/ili9341.c:71:13:ILI9341_SetAddressWindow	24	static
../Core/Src/ili9341.c:89:6:ILI9341_DrawPixel	24	static
../Core/Src/ili9341.c:99:6:ILI9341_FillScreen	672	static
../Core/Src/ili9341.c:123:6:ILI9341_WriteChar	112	static
../Core/Src/ili9341.c:163:6:ILI9341_WriteString	32	static
