main.c:155:5:main	51
main.c:498:6:SystemClock_Config	3
main.c:541:13:MX_ADC1_Init	3
main.c:590:13:MX_I2C1_Init	2
main.c:622:13:MX_SPI1_Init	2
main.c:658:13:MX_SPI2_Init	2
main.c:694:13:MX_TIM3_Init	3
main.c:741:13:MX_USART1_UART_Init	2
main.c:772:13:MX_GPIO_Init	1
main.c:872:9:BCD_To_Dec	1
main.c:876:9:Dec_To_BCD	1
main.c:881:6:DS3231_GetTime	2
main.c:896:6:DS3231_SetFullTime	1
main.c:910:10:Modbus_CRC16	4
main.c:927:7:apply_ema	1
main.c:932:6:BWM427_ReadAngles	5
main.c:982:6:HAL_GPIO_EXTI_Callback	4
main.c:1000:6:My_DrawFrame	4
main.c:1023:6:Error_Handler	1
