../Core/Src/main.c:155:5:main	568	static
../Core/Src/main.c:504:6:SystemClock_Config	88	static
../Core/Src/main.c:547:13:MX_ADC1_Init	24	static
../Core/Src/main.c:596:13:MX_I2C1_Init	8	static
../Core/Src/main.c:628:13:MX_SPI1_Init	8	static
../Core/Src/main.c:664:13:MX_SPI2_Init	8	static
../Core/Src/main.c:700:13:MX_TIM3_Init	56	static
../Core/Src/main.c:747:13:MX_USART1_UART_Init	8	static
../Core/Src/main.c:778:13:MX_GPIO_Init	48	static
../Core/Src/main.c:878:9:BCD_To_Dec	16	static
../Core/Src/main.c:882:9:Dec_To_BCD	16	static
../Core/Src/main.c:887:6:DS3231_GetTime	40	static
../Core/Src/main.c:902:6:DS3231_SetFullTime	48	static
../Core/Src/main.c:916:10:Modbus_CRC16	24	static
../Core/Src/main.c:933:7:apply_ema	24	static
../Core/Src/main.c:938:6:BWM427_ReadAngles	32	static
../Core/Src/main.c:988:6:HAL_GPIO_EXTI_Callback	16	static
../Core/Src/main.c:1006:6:My_DrawFrame	32	static
../Core/Src/main.c:1029:6:Error_Handler	4	static,ignoring_inline_asm
