main.c:155:5:main	42
main.c:456:6:SystemClock_Config	3
main.c:502:13:MX_ADC1_Init	3
main.c:554:13:MX_I2C1_Init	2
main.c:588:13:MX_SPI1_Init	2
main.c:626:13:MX_SPI2_Init	2
main.c:664:13:MX_TIM3_Init	3
main.c:713:13:MX_USART1_UART_Init	2
main.c:746:13:MX_GPIO_Init	1
main.c:846:9:BCD_To_Dec	1
main.c:850:9:Dec_To_BCD	1
main.c:855:6:DS3231_GetTime	2
main.c:870:6:DS3231_SetFullTime	1
main.c:884:10:Modbus_CRC16	4
main.c:901:7:apply_ema	1
main.c:906:6:BWM427_ReadAngles	5
main.c:956:6:HAL_GPIO_EXTI_Callback	4
main.c:974:6:My_DrawFrame	4
main.c:997:6:Error_Handler	1
