../Core/Src/main.c:155:5:main	528	static
../Core/Src/main.c:456:6:SystemClock_Config	88	static
../Core/Src/main.c:502:13:MX_ADC1_Init	24	static
../Core/Src/main.c:554:13:MX_I2C1_Init	8	static
../Core/Src/main.c:588:13:MX_SPI1_Init	8	static
../Core/Src/main.c:626:13:MX_SPI2_Init	8	static
../Core/Src/main.c:664:13:MX_TIM3_Init	56	static
../Core/Src/main.c:713:13:MX_USART1_UART_Init	8	static
../Core/Src/main.c:746:13:MX_GPIO_Init	48	static
../Core/Src/main.c:846:9:BCD_To_Dec	16	static
../Core/Src/main.c:850:9:Dec_To_BCD	16	static
../Core/Src/main.c:855:6:DS3231_GetTime	40	static
../Core/Src/main.c:870:6:DS3231_SetFullTime	48	static
../Core/Src/main.c:884:10:Modbus_CRC16	24	static
../Core/Src/main.c:901:7:apply_ema	24	static
../Core/Src/main.c:906:6:BWM427_ReadAngles	32	static
../Core/Src/main.c:956:6:HAL_GPIO_EXTI_Callback	16	static
../Core/Src/main.c:974:6:My_DrawFrame	32	static
../Core/Src/main.c:997:6:Error_Handler	4	static,ignoring_inline_asm
